+ env A
MemTotal:         192044 kB
MemFree:           93732 kB
MemAvailable:     148956 kB
Buffers:            6416 kB
Cached:            52532 kB
SwapCached:            0 kB
Active:            34824 kB
Inactive:          41712 kB
Active(anon):      17620 kB
Inactive(anon):      224 kB
Active(file):      17204 kB
Inactive(file):    41488 kB
Unevictable:           0 kB
Mlocked:               0 kB
SwapTotal:             0 kB
SwapFree:              0 kB
Dirty:               152 kB
Writeback:             0 kB
AnonPages:         17636 kB
Mapped:            35104 kB
Shmem:               224 kB
Slab:              13264 kB
SReclaimable:       3908 kB
SUnreclaim:         9356 kB
KernelStack:        1164 kB
PageTables:         1400 kB
NFS_Unstable:          0 kB
Bounce:                0 kB
WritebackTmp:          0 kB
CommitLimit:       96020 kB
Committed_AS:      82824 kB
VmallocTotal:   34359738367 kB
VmallocUsed:           0 kB
VmallocChunk:          0 kB
AnonHugePages:         0 kB
ShmemHugePages:        0 kB
ShmemPmdMapped:        0 kB
HugePages_Total:       0
HugePages_Free:        0
HugePages_Rsvd:        0
HugePages_Surp:        0
Hugepagesize:       2048 kB
DirectMap4k:       20480 kB
DirectMap2M:      192512 kB

+ env B
